// Jest Snapshot v1, https://goo.gl/fbAQLP

exports[`FeatherUnderline component matches snapshot 1`] = `
<svg
  fill="none"
  height="24"
  stroke="currentColor"
  stroke-linecap="round"
  stroke-linejoin="round"
  stroke-width="2"
  viewBox="0 0 24 24"
  width="24"
  xmlns="http://www.w3.org/2000/svg"
>
  <path
    d="M6 3v7a6 6 0 0 0 6 6 6 6 0 0 0 6-6V3"
  />
   
  <line
    x1="4"
    x2="20"
    y1="21"
    y2="21"
  />
</svg>
`;
