// Jest Snapshot v1, https://goo.gl/fbAQLP

exports[`FeatherChevronsLeft component matches snapshot 1`] = `
<svg
  fill="none"
  height="24"
  stroke="currentColor"
  stroke-linecap="round"
  stroke-linejoin="round"
  stroke-width="2"
  viewBox="0 0 24 24"
  width="24"
  xmlns="http://www.w3.org/2000/svg"
>
  <polyline
    points="11 17 6 12 11 7"
  />
   
  <polyline
    points="18 17 13 12 18 7"
  />
</svg>
`;
