// Jest Snapshot v1, https://goo.gl/fbAQLP

exports[`FeatherChevronDown component matches snapshot 1`] = `
<svg
  fill="none"
  height="24"
  stroke="currentColor"
  stroke-linecap="round"
  stroke-linejoin="round"
  stroke-width="2"
  viewBox="0 0 24 24"
  width="24"
  xmlns="http://www.w3.org/2000/svg"
>
  <polyline
    points="6 9 12 15 18 9"
  />
</svg>
`;
