// Jest Snapshot v1, https://goo.gl/fbAQLP

exports[`FeatherCornerDownLeft component matches snapshot 1`] = `
<svg
  fill="none"
  height="24"
  stroke="currentColor"
  stroke-linecap="round"
  stroke-linejoin="round"
  stroke-width="2"
  viewBox="0 0 24 24"
  width="24"
  xmlns="http://www.w3.org/2000/svg"
>
  <polyline
    points="9 10 4 15 9 20"
  />
   
  <path
    d="M20 4v7a4 4 0 0 1-4 4H4"
  />
</svg>
`;
