// Jest Snapshot v1, https://goo.gl/fbAQLP

exports[`FeatherRewind component matches snapshot 1`] = `
<svg
  fill="none"
  height="24"
  stroke="currentColor"
  stroke-linecap="round"
  stroke-linejoin="round"
  stroke-width="2"
  viewBox="0 0 24 24"
  width="24"
  xmlns="http://www.w3.org/2000/svg"
>
  <polygon
    points="11 19 2 12 11 5 11 19"
  />
   
  <polygon
    points="22 19 13 12 22 5 22 19"
  />
</svg>
`;
