// Jest Snapshot v1, https://goo.gl/fbAQLP

exports[`FeatherUmbrella component matches snapshot 1`] = `
<svg
  fill="none"
  height="24"
  stroke="currentColor"
  stroke-linecap="round"
  stroke-linejoin="round"
  stroke-width="2"
  viewBox="0 0 24 24"
  width="24"
  xmlns="http://www.w3.org/2000/svg"
>
  <path
    d="M23 12a11.05 11.05 0 0 0-22 0zm-5 7a3 3 0 0 1-6 0v-7"
  />
</svg>
`;
