// Jest Snapshot v1, https://goo.gl/fbAQLP

exports[`FeatherCornerUpLeft component matches snapshot 1`] = `
<svg
  fill="none"
  height="24"
  stroke="currentColor"
  stroke-linecap="round"
  stroke-linejoin="round"
  stroke-width="2"
  viewBox="0 0 24 24"
  width="24"
  xmlns="http://www.w3.org/2000/svg"
>
  <polyline
    points="9 14 4 9 9 4"
  />
   
  <path
    d="M20 20v-7a4 4 0 0 0-4-4H4"
  />
</svg>
`;
