// Jest Snapshot v1, https://goo.gl/fbAQLP

exports[`FeatherCornerLeftDown component matches snapshot 1`] = `
<svg
  fill="none"
  height="24"
  stroke="currentColor"
  stroke-linecap="round"
  stroke-linejoin="round"
  stroke-width="2"
  viewBox="0 0 24 24"
  width="24"
  xmlns="http://www.w3.org/2000/svg"
>
  <polyline
    points="14 15 9 20 4 15"
  />
   
  <path
    d="M20 4h-7a4 4 0 0 0-4 4v12"
  />
</svg>
`;
