// Jest Snapshot v1, https://goo.gl/fbAQLP

exports[`FeatherHash component matches snapshot 1`] = `
<svg
  fill="none"
  height="24"
  stroke="currentColor"
  stroke-linecap="round"
  stroke-linejoin="round"
  stroke-width="2"
  viewBox="0 0 24 24"
  width="24"
  xmlns="http://www.w3.org/2000/svg"
>
  <line
    x1="4"
    x2="20"
    y1="9"
    y2="9"
  />
   
  <line
    x1="4"
    x2="20"
    y1="15"
    y2="15"
  />
   
  <line
    x1="10"
    x2="8"
    y1="3"
    y2="21"
  />
   
  <line
    x1="16"
    x2="14"
    y1="3"
    y2="21"
  />
</svg>
`;
