// Jest Snapshot v1, https://goo.gl/fbAQLP

exports[`FeatherVoicemail component matches snapshot 1`] = `
<svg
  fill="none"
  height="24"
  stroke="currentColor"
  stroke-linecap="round"
  stroke-linejoin="round"
  stroke-width="2"
  viewBox="0 0 24 24"
  width="24"
  xmlns="http://www.w3.org/2000/svg"
>
  <circle
    cx="5.5"
    cy="11.5"
    r="4.5"
  />
   
  <circle
    cx="18.5"
    cy="11.5"
    r="4.5"
  />
   
  <line
    x1="5.5"
    x2="18.5"
    y1="16"
    y2="16"
  />
</svg>
`;
