// Jest Snapshot v1, https://goo.gl/fbAQLP

exports[`FeatherTablet component matches snapshot 1`] = `
<svg
  fill="none"
  height="24"
  stroke="currentColor"
  stroke-linecap="round"
  stroke-linejoin="round"
  stroke-width="2"
  viewBox="0 0 24 24"
  width="24"
  xmlns="http://www.w3.org/2000/svg"
>
  <rect
    height="20"
    rx="2"
    ry="2"
    transform="rotate(180 12 12)"
    width="16"
    x="4"
    y="2"
  />
   
  <line
    x1="12"
    x2="12"
    y1="18"
    y2="18"
  />
</svg>
`;
