// Jest Snapshot v1, https://goo.gl/fbAQLP

exports[`FeatherNavigation2 component matches snapshot 1`] = `
<svg
  fill="none"
  height="24"
  stroke="currentColor"
  stroke-linecap="round"
  stroke-linejoin="round"
  stroke-width="2"
  viewBox="0 0 24 24"
  width="24"
  xmlns="http://www.w3.org/2000/svg"
>
  <polygon
    points="12 2 19 21 12 17 5 21 12 2"
  />
</svg>
`;
