// Jest Snapshot v1, https://goo.gl/fbAQLP

exports[`FeatherFramer component matches snapshot 1`] = `
<svg
  fill="none"
  height="24"
  stroke="currentColor"
  stroke-linecap="round"
  stroke-linejoin="round"
  stroke-width="2"
  viewBox="0 0 24 24"
  width="24"
  xmlns="http://www.w3.org/2000/svg"
>
  <path
    d="M5 16V9h14V2H5l14 14h-7m-7 0l7 7v-7m-7 0h7"
  />
</svg>
`;
