// Jest Snapshot v1, https://goo.gl/fbAQLP

exports[`FeatherRotateCcw component matches snapshot 1`] = `
<svg
  fill="none"
  height="24"
  stroke="currentColor"
  stroke-linecap="round"
  stroke-linejoin="round"
  stroke-width="2"
  viewBox="0 0 24 24"
  width="24"
  xmlns="http://www.w3.org/2000/svg"
>
  <polyline
    points="1 4 1 10 7 10"
  />
   
  <path
    d="M3.51 15a9 9 0 1 0 2.13-9.36L1 10"
  />
</svg>
`;
