// Jest Snapshot v1, https://goo.gl/fbAQLP

exports[`FeatherPause component matches snapshot 1`] = `
<svg
  fill="none"
  height="24"
  stroke="currentColor"
  stroke-linecap="round"
  stroke-linejoin="round"
  stroke-width="2"
  viewBox="0 0 24 24"
  width="24"
  xmlns="http://www.w3.org/2000/svg"
>
  <rect
    height="16"
    width="4"
    x="6"
    y="4"
  />
   
  <rect
    height="16"
    width="4"
    x="14"
    y="4"
  />
</svg>
`;
