// Jest Snapshot v1, https://goo.gl/fbAQLP

exports[`FeatherTruck component matches snapshot 1`] = `
<svg
  fill="none"
  height="24"
  stroke="currentColor"
  stroke-linecap="round"
  stroke-linejoin="round"
  stroke-width="2"
  viewBox="0 0 24 24"
  width="24"
  xmlns="http://www.w3.org/2000/svg"
>
  <rect
    height="13"
    width="15"
    x="1"
    y="3"
  />
   
  <polygon
    points="16 8 20 8 23 11 23 16 16 16 16 8"
  />
   
  <circle
    cx="5.5"
    cy="18.5"
    r="2.5"
  />
   
  <circle
    cx="18.5"
    cy="18.5"
    r="2.5"
  />
</svg>
`;
